// Jest Snapshot v1, https://goo.gl/fbAQLP

exports[`renders a single todo matches snapshot 1`] = `
<div>
  <div
    class="Todo"
    id="1"
  >
    <div>
      <b>
        t1
      </b>
       
      <small>
        (priority: 
        2
        )
      </small>
    </div>
    <div>
      <small>
        d1
      </small>
    </div>
  </div>
</div>
`;
